.loop-engineering/iterations/001/diff.patch:7: trailing whitespace.
+ 
.loop-engineering/iterations/001/eval.log:50: trailing whitespace.
++ 
.loop-engineering/iterations/001/gate-diff_check.log:2: trailing whitespace.
++ 
.loop-engineering/iterations/002/diff.patch:7: trailing whitespace.
+ 
.loop-engineering/iterations/002/diff.patch:24: trailing whitespace.
++ 
.loop-engineering/iterations/002/diff.patch:35: trailing whitespace.
+ 
.loop-engineering/iterations/002/diff.patch:70: trailing whitespace.
+ 
.loop-engineering/iterations/002/diff.patch:74: trailing whitespace.
+ 
.loop-engineering/iterations/002/diff.patch:79: trailing whitespace.
+++ 
.loop-engineering/iterations/002/diff.patch:86: trailing whitespace.
+++ 
.loop-engineering/iterations/002/diff.patch:128: trailing whitespace.
+ 
